../Core/Src/main.c:100:6:receiveUART	8	static
../Core/Src/main.c:128:5:main	200	static
../Core/Src/main.c:265:6:SystemClock_Config	96	static
../Core/Src/main.c:316:13:MX_TIM6_Init	24	static
../Core/Src/main.c:354:13:MX_USART1_UART_Init	8	static
../Core/Src/main.c:389:13:MX_USART2_UART_Init	8	static
../Core/Src/main.c:424:13:MX_GPIO_Init	40	static
../Core/Src/main.c:456:6:HAL_TIM_PeriodElapsedCallback	16	static
../Core/Src/main.c:555:6:HAL_UART_RxCpltCallback	24	static
../Core/Src/main.c:569:6:HAL_UART_TxCpltCallback	16	static
../Core/Src/main.c:579:6:Error_Handler	4	static,ignoring_inline_asm
